// Jest Snapshot v1, https://goo.gl/fbAQLP

exports[`AllowanceIcon AllowanceIcon renders correctly 1`] = `
<View
  style={
    Object {
      "backgroundColor": "#EBF8DD",
      "marginTop": 5,
      "paddingHorizontal": 6,
      "paddingVertical": 2,
    }
  }
>
  <Text
    accessible={true}
    allowFontScaling={true}
    ellipsizeMode="tail"
    style={
      Object {
        "color": "#1A1A1A",
        "fontFamily": "roboto_light",
        "fontSize": 18.857142857142858,
      }
    }
  >
    test 4 kg
  </Text>
</View>
`;

exports[`AllowanceIcon shallow renders and text matches to "test 4 kg"  1`] = `
ShallowWrapper {
  "length": 1,
  Symbol(enzyme.__root__): [Circular],
  Symbol(enzyme.__unrendered__): <View
    style={
      Object {
        "backgroundColor": "#EBF8DD",
        "marginTop": 5,
        "paddingHorizontal": 6,
        "paddingVertical": 2,
      }
    }
  >
    <Text
      accessible={true}
      allowFontScaling={true}
      ellipsizeMode="tail"
      style={
        Object {
          "color": "#1A1A1A",
          "fontFamily": "roboto_light",
          "fontSize": 18.857142857142858,
        }
      }
    >
      test 4 kg
    </Text>
  </View>,
  Symbol(enzyme.__renderer__): Object {
    "batchedUpdates": [Function],
    "getNode": [Function],
    "render": [Function],
    "simulateEvent": [Function],
    "unmount": [Function],
  },
  Symbol(enzyme.__node__): Object {
    "instance": null,
    "key": undefined,
    "nodeType": "host",
    "props": Object {
      "children": <Text
        accessible={true}
        allowFontScaling={true}
        ellipsizeMode="tail"
        style={
          Object {
            "color": "#1A1A1A",
            "fontFamily": "roboto_light",
            "fontSize": 18.857142857142858,
          }
        }
      >
        test 4 kg
      </Text>,
      "style": Object {
        "backgroundColor": "#EBF8DD",
        "marginTop": 5,
        "paddingHorizontal": 6,
        "paddingVertical": 2,
      },
    },
    "ref": null,
    "rendered": Object {
      "instance": null,
      "key": undefined,
      "nodeType": "class",
      "props": Object {
        "accessible": true,
        "allowFontScaling": true,
        "children": "test 4 kg",
        "ellipsizeMode": "tail",
        "style": Object {
          "color": "#1A1A1A",
          "fontFamily": "roboto_light",
          "fontSize": 18.857142857142858,
        },
      },
      "ref": null,
      "rendered": "test 4 kg",
      "type": [Function],
    },
    "type": "View",
  },
  Symbol(enzyme.__nodes__): Array [
    Object {
      "instance": null,
      "key": undefined,
      "nodeType": "host",
      "props": Object {
        "children": <Text
          accessible={true}
          allowFontScaling={true}
          ellipsizeMode="tail"
          style={
            Object {
              "color": "#1A1A1A",
              "fontFamily": "roboto_light",
              "fontSize": 18.857142857142858,
            }
          }
        >
          test 4 kg
        </Text>,
        "style": Object {
          "backgroundColor": "#EBF8DD",
          "marginTop": 5,
          "paddingHorizontal": 6,
          "paddingVertical": 2,
        },
      },
      "ref": null,
      "rendered": Object {
        "instance": null,
        "key": undefined,
        "nodeType": "class",
        "props": Object {
          "accessible": true,
          "allowFontScaling": true,
          "children": "test 4 kg",
          "ellipsizeMode": "tail",
          "style": Object {
            "color": "#1A1A1A",
            "fontFamily": "roboto_light",
            "fontSize": 18.857142857142858,
          },
        },
        "ref": null,
        "rendered": "test 4 kg",
        "type": [Function],
      },
      "type": "View",
    },
  ],
  Symbol(enzyme.__options__): Object {
    "adapter": ReactSixteenAdapter {
      "options": Object {
        "enableComponentDidUpdateOnSetState": true,
      },
    },
  },
}
`;
