// Jest Snapshot v1, https://goo.gl/fbAQLP

exports[`RightChevronIcon renders according to snapshot 1`] = `
<View
  style={
    Object {
      "alignSelf": "center",
    }
  }
>
  <Text
    accessible={true}
    allowFontScaling={true}
    ellipsizeMode="tail"
  />
</View>
`;
