// Jest Snapshot v1, https://goo.gl/fbAQLP

exports[`TravelDocuments TravelDocuments renders as expected 1`] = `
ShallowWrapper {
  "length": 1,
  Symbol(enzyme.__root__): [Circular],
  Symbol(enzyme.__unrendered__): <TravelDocumentsInner
    t={[Function]}
  />,
  Symbol(enzyme.__renderer__): Object {
    "batchedUpdates": [Function],
    "getNode": [Function],
    "render": [Function],
    "simulateEvent": [Function],
    "unmount": [Function],
  },
  Symbol(enzyme.__node__): Object {
    "instance": null,
    "key": undefined,
    "nodeType": "function",
    "props": Object {
      "children": Array [
        <AppInfoSubText
          greyBox={false}
          style={Object {}}
          text=""
        />,
        <AppInfoLink
          onPress={[Function]}
          style={Object {}}
          text="www.sem.admin.ch"
        />,
        <AppInfoSubText
          greyBox={false}
          style={Object {}}
          text=""
        />,
        <AppInfoLink
          onPress={[Function]}
          style={Object {}}
          text="www.wcoomd.org"
        />,
      ],
      "title": "",
    },
    "ref": null,
    "rendered": Array [
      Object {
        "instance": null,
        "key": undefined,
        "nodeType": "function",
        "props": Object {
          "greyBox": false,
          "style": Object {},
          "text": "",
        },
        "ref": null,
        "rendered": null,
        "type": [Function],
      },
      Object {
        "instance": null,
        "key": undefined,
        "nodeType": "function",
        "props": Object {
          "onPress": [Function],
          "style": Object {},
          "text": "www.sem.admin.ch",
        },
        "ref": null,
        "rendered": null,
        "type": [Function],
      },
      Object {
        "instance": null,
        "key": undefined,
        "nodeType": "function",
        "props": Object {
          "greyBox": false,
          "style": Object {},
          "text": "",
        },
        "ref": null,
        "rendered": null,
        "type": [Function],
      },
      Object {
        "instance": null,
        "key": undefined,
        "nodeType": "function",
        "props": Object {
          "onPress": [Function],
          "style": Object {},
          "text": "www.wcoomd.org",
        },
        "ref": null,
        "rendered": null,
        "type": [Function],
      },
    ],
    "type": [Function],
  },
  Symbol(enzyme.__nodes__): Array [
    Object {
      "instance": null,
      "key": undefined,
      "nodeType": "function",
      "props": Object {
        "children": Array [
          <AppInfoSubText
            greyBox={false}
            style={Object {}}
            text=""
          />,
          <AppInfoLink
            onPress={[Function]}
            style={Object {}}
            text="www.sem.admin.ch"
          />,
          <AppInfoSubText
            greyBox={false}
            style={Object {}}
            text=""
          />,
          <AppInfoLink
            onPress={[Function]}
            style={Object {}}
            text="www.wcoomd.org"
          />,
        ],
        "title": "",
      },
      "ref": null,
      "rendered": Array [
        Object {
          "instance": null,
          "key": undefined,
          "nodeType": "function",
          "props": Object {
            "greyBox": false,
            "style": Object {},
            "text": "",
          },
          "ref": null,
          "rendered": null,
          "type": [Function],
        },
        Object {
          "instance": null,
          "key": undefined,
          "nodeType": "function",
          "props": Object {
            "onPress": [Function],
            "style": Object {},
            "text": "www.sem.admin.ch",
          },
          "ref": null,
          "rendered": null,
          "type": [Function],
        },
        Object {
          "instance": null,
          "key": undefined,
          "nodeType": "function",
          "props": Object {
            "greyBox": false,
            "style": Object {},
            "text": "",
          },
          "ref": null,
          "rendered": null,
          "type": [Function],
        },
        Object {
          "instance": null,
          "key": undefined,
          "nodeType": "function",
          "props": Object {
            "onPress": [Function],
            "style": Object {},
            "text": "www.wcoomd.org",
          },
          "ref": null,
          "rendered": null,
          "type": [Function],
        },
      ],
      "type": [Function],
    },
  ],
  Symbol(enzyme.__options__): Object {
    "adapter": ReactSixteenAdapter {
      "options": Object {
        "enableComponentDidUpdateOnSetState": true,
      },
    },
  },
}
`;
