// Jest Snapshot v1, https://goo.gl/fbAQLP

exports[`OnBoardingTaxScreen renders according to snapshot and DoneButton fires navigation 1`] = `
ShallowWrapper {
  "length": 1,
  Symbol(enzyme.__root__): [Circular],
  Symbol(enzyme.__unrendered__): <OnBoardingTaxScreenInner
    navigation={
      Object {
        "dispatch": [Function],
      }
    }
    t={[Function]}
  />,
  Symbol(enzyme.__renderer__): Object {
    "batchedUpdates": [Function],
    "getNode": [Function],
    "render": [Function],
    "simulateEvent": [Function],
    "unmount": [Function],
  },
  Symbol(enzyme.__node__): Object {
    "instance": null,
    "key": undefined,
    "nodeType": "function",
    "props": Object {
      "children": Array [
        <View
          style={
            Object {
              "alignItems": "center",
            }
          }
        >
          <OnBoardingParagraph
            text=""
          />
          <Text
            accessible={true}
            allowFontScaling={true}
            ellipsizeMode="tail"
            style={
              Object {
                "color": "#4a4a4a",
                "fontFamily": "roboto_regular",
                "fontSize": 56.57142857142857,
                "paddingVertical": 7.857142857142857,
              }
            }
          >
            7.7%
          </Text>
          <OnBoardingParagraph
            text=""
          />
        </View>,
        <Image
          resizeMode="contain"
          source={1}
          style={
            Object {
              "height": 41,
              "width": 224,
            }
          }
        />,
        <TouchableOpacity
          activeOpacity={0.2}
          onPress={[Function]}
        >
          <Text
            accessible={true}
            allowFontScaling={true}
            ellipsizeMode="tail"
            style={
              Object {
                "color": "#757575",
                "fontFamily": "roboto_medium",
                "fontSize": 14,
              }
            }
          >
            
          </Text>
        </TouchableOpacity>,
        <DoneButton
          onPress={[Function]}
        />,
        <Unknown
          onPress={[Function]}
          text=""
        />,
        <Unknown
          modalVisible={false}
          navigation={
            Object {
              "dispatch": [Function],
            }
          }
          onConfirm={[Function]}
          onPressLegal={[Function]}
          toggleModalVisible={[Function]}
        />,
      ],
    },
    "ref": null,
    "rendered": Array [
      Object {
        "instance": null,
        "key": undefined,
        "nodeType": "class",
        "props": Object {
          "children": Array [
            <OnBoardingParagraph
              text=""
            />,
            <Text
              accessible={true}
              allowFontScaling={true}
              ellipsizeMode="tail"
              style={
                Object {
                  "color": "#4a4a4a",
                  "fontFamily": "roboto_regular",
                  "fontSize": 56.57142857142857,
                  "paddingVertical": 7.857142857142857,
                }
              }
            >
              7.7%
            </Text>,
            <OnBoardingParagraph
              text=""
            />,
          ],
          "style": Object {
            "alignItems": "center",
          },
        },
        "ref": null,
        "rendered": Array [
          Object {
            "instance": null,
            "key": undefined,
            "nodeType": "function",
            "props": Object {
              "text": "",
            },
            "ref": null,
            "rendered": null,
            "type": [Function],
          },
          Object {
            "instance": null,
            "key": undefined,
            "nodeType": "class",
            "props": Object {
              "accessible": true,
              "allowFontScaling": true,
              "children": "7.7%",
              "ellipsizeMode": "tail",
              "style": Object {
                "color": "#4a4a4a",
                "fontFamily": "roboto_regular",
                "fontSize": 56.57142857142857,
                "paddingVertical": 7.857142857142857,
              },
            },
            "ref": null,
            "rendered": "7.7%",
            "type": [Function],
          },
          Object {
            "instance": null,
            "key": undefined,
            "nodeType": "function",
            "props": Object {
              "text": "",
            },
            "ref": null,
            "rendered": null,
            "type": [Function],
          },
        ],
        "type": [Function],
      },
      Object {
        "instance": null,
        "key": undefined,
        "nodeType": "class",
        "props": Object {
          "resizeMode": "contain",
          "source": 1,
          "style": Object {
            "height": 41,
            "width": 224,
          },
        },
        "ref": null,
        "rendered": null,
        "type": [Function],
      },
      Object {
        "instance": null,
        "key": undefined,
        "nodeType": "class",
        "props": Object {
          "activeOpacity": 0.2,
          "children": <Text
            accessible={true}
            allowFontScaling={true}
            ellipsizeMode="tail"
            style={
              Object {
                "color": "#757575",
                "fontFamily": "roboto_medium",
                "fontSize": 14,
              }
            }
          >
            
          </Text>,
          "onPress": [Function],
        },
        "ref": null,
        "rendered": Object {
          "instance": null,
          "key": undefined,
          "nodeType": "class",
          "props": Object {
            "accessible": true,
            "allowFontScaling": true,
            "children": "",
            "ellipsizeMode": "tail",
            "style": Object {
              "color": "#757575",
              "fontFamily": "roboto_medium",
              "fontSize": 14,
            },
          },
          "ref": null,
          "rendered": "",
          "type": [Function],
        },
        "type": [Function],
      },
      Object {
        "instance": null,
        "key": undefined,
        "nodeType": "function",
        "props": Object {
          "onPress": [Function],
        },
        "ref": null,
        "rendered": null,
        "type": [Function],
      },
      Object {
        "instance": null,
        "key": undefined,
        "nodeType": "function",
        "props": Object {
          "onPress": [Function],
          "text": "",
        },
        "ref": null,
        "rendered": null,
        "type": [Function],
      },
      Object {
        "instance": null,
        "key": undefined,
        "nodeType": "function",
        "props": Object {
          "modalVisible": false,
          "navigation": Object {
            "dispatch": [Function],
          },
          "onConfirm": [Function],
          "onPressLegal": [Function],
          "toggleModalVisible": [Function],
        },
        "ref": null,
        "rendered": null,
        "type": [Function],
      },
    ],
    "type": [Function],
  },
  Symbol(enzyme.__nodes__): Array [
    Object {
      "instance": null,
      "key": undefined,
      "nodeType": "function",
      "props": Object {
        "children": Array [
          <View
            style={
              Object {
                "alignItems": "center",
              }
            }
          >
            <OnBoardingParagraph
              text=""
            />
            <Text
              accessible={true}
              allowFontScaling={true}
              ellipsizeMode="tail"
              style={
                Object {
                  "color": "#4a4a4a",
                  "fontFamily": "roboto_regular",
                  "fontSize": 56.57142857142857,
                  "paddingVertical": 7.857142857142857,
                }
              }
            >
              7.7%
            </Text>
            <OnBoardingParagraph
              text=""
            />
          </View>,
          <Image
            resizeMode="contain"
            source={1}
            style={
              Object {
                "height": 41,
                "width": 224,
              }
            }
          />,
          <TouchableOpacity
            activeOpacity={0.2}
            onPress={[Function]}
          >
            <Text
              accessible={true}
              allowFontScaling={true}
              ellipsizeMode="tail"
              style={
                Object {
                  "color": "#757575",
                  "fontFamily": "roboto_medium",
                  "fontSize": 14,
                }
              }
            >
              
            </Text>
          </TouchableOpacity>,
          <DoneButton
            onPress={[Function]}
          />,
          <Unknown
            onPress={[Function]}
            text=""
          />,
          <Unknown
            modalVisible={false}
            navigation={
              Object {
                "dispatch": [Function],
              }
            }
            onConfirm={[Function]}
            onPressLegal={[Function]}
            toggleModalVisible={[Function]}
          />,
        ],
      },
      "ref": null,
      "rendered": Array [
        Object {
          "instance": null,
          "key": undefined,
          "nodeType": "class",
          "props": Object {
            "children": Array [
              <OnBoardingParagraph
                text=""
              />,
              <Text
                accessible={true}
                allowFontScaling={true}
                ellipsizeMode="tail"
                style={
                  Object {
                    "color": "#4a4a4a",
                    "fontFamily": "roboto_regular",
                    "fontSize": 56.57142857142857,
                    "paddingVertical": 7.857142857142857,
                  }
                }
              >
                7.7%
              </Text>,
              <OnBoardingParagraph
                text=""
              />,
            ],
            "style": Object {
              "alignItems": "center",
            },
          },
          "ref": null,
          "rendered": Array [
            Object {
              "instance": null,
              "key": undefined,
              "nodeType": "function",
              "props": Object {
                "text": "",
              },
              "ref": null,
              "rendered": null,
              "type": [Function],
            },
            Object {
              "instance": null,
              "key": undefined,
              "nodeType": "class",
              "props": Object {
                "accessible": true,
                "allowFontScaling": true,
                "children": "7.7%",
                "ellipsizeMode": "tail",
                "style": Object {
                  "color": "#4a4a4a",
                  "fontFamily": "roboto_regular",
                  "fontSize": 56.57142857142857,
                  "paddingVertical": 7.857142857142857,
                },
              },
              "ref": null,
              "rendered": "7.7%",
              "type": [Function],
            },
            Object {
              "instance": null,
              "key": undefined,
              "nodeType": "function",
              "props": Object {
                "text": "",
              },
              "ref": null,
              "rendered": null,
              "type": [Function],
            },
          ],
          "type": [Function],
        },
        Object {
          "instance": null,
          "key": undefined,
          "nodeType": "class",
          "props": Object {
            "resizeMode": "contain",
            "source": 1,
            "style": Object {
              "height": 41,
              "width": 224,
            },
          },
          "ref": null,
          "rendered": null,
          "type": [Function],
        },
        Object {
          "instance": null,
          "key": undefined,
          "nodeType": "class",
          "props": Object {
            "activeOpacity": 0.2,
            "children": <Text
              accessible={true}
              allowFontScaling={true}
              ellipsizeMode="tail"
              style={
                Object {
                  "color": "#757575",
                  "fontFamily": "roboto_medium",
                  "fontSize": 14,
                }
              }
            >
              
            </Text>,
            "onPress": [Function],
          },
          "ref": null,
          "rendered": Object {
            "instance": null,
            "key": undefined,
            "nodeType": "class",
            "props": Object {
              "accessible": true,
              "allowFontScaling": true,
              "children": "",
              "ellipsizeMode": "tail",
              "style": Object {
                "color": "#757575",
                "fontFamily": "roboto_medium",
                "fontSize": 14,
              },
            },
            "ref": null,
            "rendered": "",
            "type": [Function],
          },
          "type": [Function],
        },
        Object {
          "instance": null,
          "key": undefined,
          "nodeType": "function",
          "props": Object {
            "onPress": [Function],
          },
          "ref": null,
          "rendered": null,
          "type": [Function],
        },
        Object {
          "instance": null,
          "key": undefined,
          "nodeType": "function",
          "props": Object {
            "onPress": [Function],
            "text": "",
          },
          "ref": null,
          "rendered": null,
          "type": [Function],
        },
        Object {
          "instance": null,
          "key": undefined,
          "nodeType": "function",
          "props": Object {
            "modalVisible": false,
            "navigation": Object {
              "dispatch": [Function],
            },
            "onConfirm": [Function],
            "onPressLegal": [Function],
            "toggleModalVisible": [Function],
          },
          "ref": null,
          "rendered": null,
          "type": [Function],
        },
      ],
      "type": [Function],
    },
  ],
  Symbol(enzyme.__options__): Object {
    "adapter": ReactSixteenAdapter {
      "options": Object {
        "enableComponentDidUpdateOnSetState": true,
      },
    },
  },
}
`;
