// Jest Snapshot v1, https://goo.gl/fbAQLP

exports[`PickerValueSeparator has \`kg\` as a text 1`] = `
ShallowWrapper {
  "length": 1,
  Symbol(enzyme.__root__): [Circular],
  Symbol(enzyme.__unrendered__): <PickerValueSeparator
    separator=","
  />,
  Symbol(enzyme.__renderer__): Object {
    "batchedUpdates": [Function],
    "getNode": [Function],
    "render": [Function],
    "simulateEvent": [Function],
    "unmount": [Function],
  },
  Symbol(enzyme.__node__): Object {
    "instance": null,
    "key": undefined,
    "nodeType": "class",
    "props": Object {
      "children": <Text
        accessible={true}
        allowFontScaling={true}
        ellipsizeMode="tail"
        style={
          Object {
            "color": "#1a1a1a",
            "fontFamily": "roboto_regular",
            "fontSize": 25.142857142857142,
          }
        }
      >
        ,
      </Text>,
      "style": Object {
        "alignItems": "center",
        "alignSelf": "center",
        "justifyContent": "center",
      },
    },
    "ref": null,
    "rendered": Object {
      "instance": null,
      "key": undefined,
      "nodeType": "class",
      "props": Object {
        "accessible": true,
        "allowFontScaling": true,
        "children": ",",
        "ellipsizeMode": "tail",
        "style": Object {
          "color": "#1a1a1a",
          "fontFamily": "roboto_regular",
          "fontSize": 25.142857142857142,
        },
      },
      "ref": null,
      "rendered": ",",
      "type": [Function],
    },
    "type": [Function],
  },
  Symbol(enzyme.__nodes__): Array [
    Object {
      "instance": null,
      "key": undefined,
      "nodeType": "class",
      "props": Object {
        "children": <Text
          accessible={true}
          allowFontScaling={true}
          ellipsizeMode="tail"
          style={
            Object {
              "color": "#1a1a1a",
              "fontFamily": "roboto_regular",
              "fontSize": 25.142857142857142,
            }
          }
        >
          ,
        </Text>,
        "style": Object {
          "alignItems": "center",
          "alignSelf": "center",
          "justifyContent": "center",
        },
      },
      "ref": null,
      "rendered": Object {
        "instance": null,
        "key": undefined,
        "nodeType": "class",
        "props": Object {
          "accessible": true,
          "allowFontScaling": true,
          "children": ",",
          "ellipsizeMode": "tail",
          "style": Object {
            "color": "#1a1a1a",
            "fontFamily": "roboto_regular",
            "fontSize": 25.142857142857142,
          },
        },
        "ref": null,
        "rendered": ",",
        "type": [Function],
      },
      "type": [Function],
    },
  ],
  Symbol(enzyme.__options__): Object {
    "adapter": ReactSixteenAdapter {
      "options": Object {
        "enableComponentDidUpdateOnSetState": true,
      },
    },
  },
}
`;

exports[`PickerValueSeparator renders according to snapshot 1`] = `
<View
  style={
    Object {
      "alignItems": "center",
      "alignSelf": "center",
      "justifyContent": "center",
    }
  }
>
  <Text
    accessible={true}
    allowFontScaling={true}
    ellipsizeMode="tail"
    style={
      Object {
        "color": "#1a1a1a",
        "fontFamily": "roboto_regular",
        "fontSize": 25.142857142857142,
      }
    }
  >
    ,
  </Text>
</View>
`;
