// Jest Snapshot v1, https://goo.gl/fbAQLP

exports[`PickerUnits renders according to snapshot 1`] = `
<View
  style={
    Object {
      "alignItems": "center",
      "alignSelf": "center",
      "flex": 0.2,
      "justifyContent": "center",
    }
  }
>
  <Text
    accessible={true}
    allowFontScaling={true}
    ellipsizeMode="tail"
    style={
      Object {
        "color": "#898989",
        "fontFamily": "roboto_regular",
        "fontSize": 22,
      }
    }
  >
    kg
  </Text>
</View>
`;
