// Jest Snapshot v1, https://goo.gl/fbAQLP

exports[`HeaderTitle renders according to snapshot 1`] = `
<Text
  accessible={true}
  allowFontScaling={true}
  ellipsizeMode="tail"
  style={
    Object {
      "color": "#1A1A1A",
      "fontFamily": "roboto_medium",
      "fontSize": 25.142857142857142,
      "textAlign": "center",
    }
  }
>
  QuickZoll
</Text>
`;

exports[`HeaderTitle renders according to snapshot 2`] = `
ShallowWrapper {
  "length": 1,
  Symbol(enzyme.__root__): [Circular],
  Symbol(enzyme.__unrendered__): <Text
    accessible={true}
    allowFontScaling={true}
    ellipsizeMode="tail"
    style={
      Object {
        "color": "#1A1A1A",
        "fontFamily": "roboto_medium",
        "fontSize": 25.142857142857142,
        "textAlign": "center",
      }
    }
  >
    QuickZoll
  </Text>,
  Symbol(enzyme.__renderer__): Object {
    "batchedUpdates": [Function],
    "getNode": [Function],
    "render": [Function],
    "simulateEvent": [Function],
    "unmount": [Function],
  },
  Symbol(enzyme.__node__): Object {
    "instance": null,
    "key": undefined,
    "nodeType": "host",
    "props": Object {
      "accessible": true,
      "allowFontScaling": true,
      "children": "QuickZoll",
      "ellipsizeMode": "tail",
      "style": Object {
        "color": "#1A1A1A",
        "fontFamily": "roboto_medium",
        "fontSize": 25.142857142857142,
        "textAlign": "center",
      },
    },
    "ref": null,
    "rendered": "QuickZoll",
    "type": "Text",
  },
  Symbol(enzyme.__nodes__): Array [
    Object {
      "instance": null,
      "key": undefined,
      "nodeType": "host",
      "props": Object {
        "accessible": true,
        "allowFontScaling": true,
        "children": "QuickZoll",
        "ellipsizeMode": "tail",
        "style": Object {
          "color": "#1A1A1A",
          "fontFamily": "roboto_medium",
          "fontSize": 25.142857142857142,
          "textAlign": "center",
        },
      },
      "ref": null,
      "rendered": "QuickZoll",
      "type": "Text",
    },
  ],
  Symbol(enzyme.__options__): Object {
    "adapter": ReactSixteenAdapter {
      "options": Object {
        "enableComponentDidUpdateOnSetState": true,
      },
    },
  },
}
`;
