// Jest Snapshot v1, https://goo.gl/fbAQLP

exports[`Animals Animals renders as expected 1`] = `
ShallowWrapper {
  "length": 1,
  Symbol(enzyme.__root__): [Circular],
  Symbol(enzyme.__unrendered__): <AnimalsInner
    i18n={
      Object {
        "language": "de",
      }
    }
    navigation={
      Object {
        "dispatch": [Function],
      }
    }
    t={[Function]}
  />,
  Symbol(enzyme.__renderer__): Object {
    "batchedUpdates": [Function],
    "getNode": [Function],
    "render": [Function],
    "simulateEvent": [Function],
    "unmount": [Function],
  },
  Symbol(enzyme.__node__): Object {
    "instance": null,
    "key": undefined,
    "nodeType": "function",
    "props": Object {
      "children": Array [
        <AppInfoSubText
          greyBox={false}
          style={
            Object {
              "marginTop": 19.61764705882353,
            }
          }
          text=""
        />,
        <AppInfoLink
          onPress={[Function]}
          style={Object {}}
          text="http://www.blv.admin.ch"
        />,
        <CardRowText
          greyBox={false}
          style={
            Object {
              "marginTop": 39.23529411764706,
            }
          }
          text=""
        />,
        <AppInfoSubText
          greyBox={false}
          style={Object {}}
          text=""
        />,
        <TouchableOpacity
          activeOpacity={0.2}
          onPress={[Function]}
        >
          <AppInfoSubText
            greyBox={false}
            style={
              Object {
                "textDecorationLine": "underline",
                "textDecorationStyle": "solid",
              }
            }
            text=""
          />
        </TouchableOpacity>,
      ],
      "title": "",
    },
    "ref": null,
    "rendered": Array [
      Object {
        "instance": null,
        "key": undefined,
        "nodeType": "function",
        "props": Object {
          "greyBox": false,
          "style": Object {
            "marginTop": 19.61764705882353,
          },
          "text": "",
        },
        "ref": null,
        "rendered": null,
        "type": [Function],
      },
      Object {
        "instance": null,
        "key": undefined,
        "nodeType": "function",
        "props": Object {
          "onPress": [Function],
          "style": Object {},
          "text": "http://www.blv.admin.ch",
        },
        "ref": null,
        "rendered": null,
        "type": [Function],
      },
      Object {
        "instance": null,
        "key": undefined,
        "nodeType": "function",
        "props": Object {
          "greyBox": false,
          "style": Object {
            "marginTop": 39.23529411764706,
          },
          "text": "",
        },
        "ref": null,
        "rendered": null,
        "type": [Function],
      },
      Object {
        "instance": null,
        "key": undefined,
        "nodeType": "function",
        "props": Object {
          "greyBox": false,
          "style": Object {},
          "text": "",
        },
        "ref": null,
        "rendered": null,
        "type": [Function],
      },
      Object {
        "instance": null,
        "key": undefined,
        "nodeType": "class",
        "props": Object {
          "activeOpacity": 0.2,
          "children": <AppInfoSubText
            greyBox={false}
            style={
              Object {
                "textDecorationLine": "underline",
                "textDecorationStyle": "solid",
              }
            }
            text=""
          />,
          "onPress": [Function],
        },
        "ref": null,
        "rendered": Object {
          "instance": null,
          "key": undefined,
          "nodeType": "function",
          "props": Object {
            "greyBox": false,
            "style": Object {
              "textDecorationLine": "underline",
              "textDecorationStyle": "solid",
            },
            "text": "",
          },
          "ref": null,
          "rendered": null,
          "type": [Function],
        },
        "type": [Function],
      },
    ],
    "type": [Function],
  },
  Symbol(enzyme.__nodes__): Array [
    Object {
      "instance": null,
      "key": undefined,
      "nodeType": "function",
      "props": Object {
        "children": Array [
          <AppInfoSubText
            greyBox={false}
            style={
              Object {
                "marginTop": 19.61764705882353,
              }
            }
            text=""
          />,
          <AppInfoLink
            onPress={[Function]}
            style={Object {}}
            text="http://www.blv.admin.ch"
          />,
          <CardRowText
            greyBox={false}
            style={
              Object {
                "marginTop": 39.23529411764706,
              }
            }
            text=""
          />,
          <AppInfoSubText
            greyBox={false}
            style={Object {}}
            text=""
          />,
          <TouchableOpacity
            activeOpacity={0.2}
            onPress={[Function]}
          >
            <AppInfoSubText
              greyBox={false}
              style={
                Object {
                  "textDecorationLine": "underline",
                  "textDecorationStyle": "solid",
                }
              }
              text=""
            />
          </TouchableOpacity>,
        ],
        "title": "",
      },
      "ref": null,
      "rendered": Array [
        Object {
          "instance": null,
          "key": undefined,
          "nodeType": "function",
          "props": Object {
            "greyBox": false,
            "style": Object {
              "marginTop": 19.61764705882353,
            },
            "text": "",
          },
          "ref": null,
          "rendered": null,
          "type": [Function],
        },
        Object {
          "instance": null,
          "key": undefined,
          "nodeType": "function",
          "props": Object {
            "onPress": [Function],
            "style": Object {},
            "text": "http://www.blv.admin.ch",
          },
          "ref": null,
          "rendered": null,
          "type": [Function],
        },
        Object {
          "instance": null,
          "key": undefined,
          "nodeType": "function",
          "props": Object {
            "greyBox": false,
            "style": Object {
              "marginTop": 39.23529411764706,
            },
            "text": "",
          },
          "ref": null,
          "rendered": null,
          "type": [Function],
        },
        Object {
          "instance": null,
          "key": undefined,
          "nodeType": "function",
          "props": Object {
            "greyBox": false,
            "style": Object {},
            "text": "",
          },
          "ref": null,
          "rendered": null,
          "type": [Function],
        },
        Object {
          "instance": null,
          "key": undefined,
          "nodeType": "class",
          "props": Object {
            "activeOpacity": 0.2,
            "children": <AppInfoSubText
              greyBox={false}
              style={
                Object {
                  "textDecorationLine": "underline",
                  "textDecorationStyle": "solid",
                }
              }
              text=""
            />,
            "onPress": [Function],
          },
          "ref": null,
          "rendered": Object {
            "instance": null,
            "key": undefined,
            "nodeType": "function",
            "props": Object {
              "greyBox": false,
              "style": Object {
                "textDecorationLine": "underline",
                "textDecorationStyle": "solid",
              },
              "text": "",
            },
            "ref": null,
            "rendered": null,
            "type": [Function],
          },
          "type": [Function],
        },
      ],
      "type": [Function],
    },
  ],
  Symbol(enzyme.__options__): Object {
    "adapter": ReactSixteenAdapter {
      "options": Object {
        "enableComponentDidUpdateOnSetState": true,
      },
    },
  },
}
`;

exports[`Animals you can click it 1`] = `
ShallowWrapper {
  "length": 1,
  Symbol(enzyme.__root__): [Circular],
  Symbol(enzyme.__unrendered__): <AnimalsInner
    i18n={
      Object {
        "language": "de",
      }
    }
    navigation={
      Object {
        "dispatch": [Function],
      }
    }
    t={[Function]}
  />,
  Symbol(enzyme.__renderer__): Object {
    "batchedUpdates": [Function],
    "getNode": [Function],
    "render": [Function],
    "simulateEvent": [Function],
    "unmount": [Function],
  },
  Symbol(enzyme.__node__): Object {
    "instance": null,
    "key": undefined,
    "nodeType": "function",
    "props": Object {
      "children": Array [
        <AppInfoSubText
          greyBox={false}
          style={
            Object {
              "marginTop": 19.61764705882353,
            }
          }
          text=""
        />,
        <AppInfoLink
          onPress={[Function]}
          style={Object {}}
          text="http://www.blv.admin.ch"
        />,
        <CardRowText
          greyBox={false}
          style={
            Object {
              "marginTop": 39.23529411764706,
            }
          }
          text=""
        />,
        <AppInfoSubText
          greyBox={false}
          style={Object {}}
          text=""
        />,
        <TouchableOpacity
          activeOpacity={0.2}
          onPress={[Function]}
        >
          <AppInfoSubText
            greyBox={false}
            style={
              Object {
                "textDecorationLine": "underline",
                "textDecorationStyle": "solid",
              }
            }
            text=""
          />
        </TouchableOpacity>,
      ],
      "title": "",
    },
    "ref": null,
    "rendered": Array [
      Object {
        "instance": null,
        "key": undefined,
        "nodeType": "function",
        "props": Object {
          "greyBox": false,
          "style": Object {
            "marginTop": 19.61764705882353,
          },
          "text": "",
        },
        "ref": null,
        "rendered": null,
        "type": [Function],
      },
      Object {
        "instance": null,
        "key": undefined,
        "nodeType": "function",
        "props": Object {
          "onPress": [Function],
          "style": Object {},
          "text": "http://www.blv.admin.ch",
        },
        "ref": null,
        "rendered": null,
        "type": [Function],
      },
      Object {
        "instance": null,
        "key": undefined,
        "nodeType": "function",
        "props": Object {
          "greyBox": false,
          "style": Object {
            "marginTop": 39.23529411764706,
          },
          "text": "",
        },
        "ref": null,
        "rendered": null,
        "type": [Function],
      },
      Object {
        "instance": null,
        "key": undefined,
        "nodeType": "function",
        "props": Object {
          "greyBox": false,
          "style": Object {},
          "text": "",
        },
        "ref": null,
        "rendered": null,
        "type": [Function],
      },
      Object {
        "instance": null,
        "key": undefined,
        "nodeType": "class",
        "props": Object {
          "activeOpacity": 0.2,
          "children": <AppInfoSubText
            greyBox={false}
            style={
              Object {
                "textDecorationLine": "underline",
                "textDecorationStyle": "solid",
              }
            }
            text=""
          />,
          "onPress": [Function],
        },
        "ref": null,
        "rendered": Object {
          "instance": null,
          "key": undefined,
          "nodeType": "function",
          "props": Object {
            "greyBox": false,
            "style": Object {
              "textDecorationLine": "underline",
              "textDecorationStyle": "solid",
            },
            "text": "",
          },
          "ref": null,
          "rendered": null,
          "type": [Function],
        },
        "type": [Function],
      },
    ],
    "type": [Function],
  },
  Symbol(enzyme.__nodes__): Array [
    Object {
      "instance": null,
      "key": undefined,
      "nodeType": "function",
      "props": Object {
        "children": Array [
          <AppInfoSubText
            greyBox={false}
            style={
              Object {
                "marginTop": 19.61764705882353,
              }
            }
            text=""
          />,
          <AppInfoLink
            onPress={[Function]}
            style={Object {}}
            text="http://www.blv.admin.ch"
          />,
          <CardRowText
            greyBox={false}
            style={
              Object {
                "marginTop": 39.23529411764706,
              }
            }
            text=""
          />,
          <AppInfoSubText
            greyBox={false}
            style={Object {}}
            text=""
          />,
          <TouchableOpacity
            activeOpacity={0.2}
            onPress={[Function]}
          >
            <AppInfoSubText
              greyBox={false}
              style={
                Object {
                  "textDecorationLine": "underline",
                  "textDecorationStyle": "solid",
                }
              }
              text=""
            />
          </TouchableOpacity>,
        ],
        "title": "",
      },
      "ref": null,
      "rendered": Array [
        Object {
          "instance": null,
          "key": undefined,
          "nodeType": "function",
          "props": Object {
            "greyBox": false,
            "style": Object {
              "marginTop": 19.61764705882353,
            },
            "text": "",
          },
          "ref": null,
          "rendered": null,
          "type": [Function],
        },
        Object {
          "instance": null,
          "key": undefined,
          "nodeType": "function",
          "props": Object {
            "onPress": [Function],
            "style": Object {},
            "text": "http://www.blv.admin.ch",
          },
          "ref": null,
          "rendered": null,
          "type": [Function],
        },
        Object {
          "instance": null,
          "key": undefined,
          "nodeType": "function",
          "props": Object {
            "greyBox": false,
            "style": Object {
              "marginTop": 39.23529411764706,
            },
            "text": "",
          },
          "ref": null,
          "rendered": null,
          "type": [Function],
        },
        Object {
          "instance": null,
          "key": undefined,
          "nodeType": "function",
          "props": Object {
            "greyBox": false,
            "style": Object {},
            "text": "",
          },
          "ref": null,
          "rendered": null,
          "type": [Function],
        },
        Object {
          "instance": null,
          "key": undefined,
          "nodeType": "class",
          "props": Object {
            "activeOpacity": 0.2,
            "children": <AppInfoSubText
              greyBox={false}
              style={
                Object {
                  "textDecorationLine": "underline",
                  "textDecorationStyle": "solid",
                }
              }
              text=""
            />,
            "onPress": [Function],
          },
          "ref": null,
          "rendered": Object {
            "instance": null,
            "key": undefined,
            "nodeType": "function",
            "props": Object {
              "greyBox": false,
              "style": Object {
                "textDecorationLine": "underline",
                "textDecorationStyle": "solid",
              },
              "text": "",
            },
            "ref": null,
            "rendered": null,
            "type": [Function],
          },
          "type": [Function],
        },
      ],
      "type": [Function],
    },
  ],
  Symbol(enzyme.__options__): Object {
    "adapter": ReactSixteenAdapter {
      "options": Object {
        "enableComponentDidUpdateOnSetState": true,
      },
    },
  },
}
`;
