// Jest Snapshot v1, https://goo.gl/fbAQLP

exports[`StackNavigation has all screens 1`] = `
Array [
  "CurrencyPickerModal",
  "GoodQuantityListModal",
  "MainMenu",
  "OnBoarding",
  "Payment",
  "QuestionAnswer",
  "Screens",
  "UnderConstruction",
  "UnderConstructionWithSums",
]
`;
