// Jest Snapshot v1, https://goo.gl/fbAQLP

exports[`InfoIcon Icon TestSuite InfoIcon component renders correctly 1`] = `
<View
  style={
    Object {
      "alignItems": "center",
      "backgroundColor": "#F5F5F5",
      "flex": 1,
      "flexDirection": "column",
      "justifyContent": "space-between",
      "marginBottom": 0,
      "width": "90%",
    }
  }
>
  <Text
    accessible={true}
    allowFontScaling={true}
    ellipsizeMode="tail"
    style={
      Object {
        "alignSelf": "flex-start",
        "color": "#9B9B9B",
        "fontFamily": "roboto_regular",
        "fontSize": 14,
        "paddingBottom": 68.66176470588235,
        "paddingHorizontal": 31.388235294117646,
        "paddingTop": 31.388235294117646,
      }
    }
  >
    topText
  </Text>
  <View
    style={
      Object {
        "alignItems": "center",
      }
    }
  >
    <View
      accessibilityComponentType={undefined}
      accessibilityLabel={undefined}
      accessibilityTraits={undefined}
      accessible={true}
      collapsable={undefined}
      hasTVPreferredFocus={undefined}
      hitSlop={undefined}
      isTVSelectable={true}
      nativeID={undefined}
      onLayout={undefined}
      onResponderGrant={[Function]}
      onResponderMove={[Function]}
      onResponderRelease={[Function]}
      onResponderTerminate={[Function]}
      onResponderTerminationRequest={[Function]}
      onStartShouldSetResponder={[Function]}
      style={
        Object {
          "opacity": 1,
        }
      }
      testID={undefined}
      tvParallaxProperties={undefined}
    >
      <Text
        accessible={true}
        allowFontScaling={true}
        ellipsizeMode="tail"
      />
    </View>
    <Text
      accessible={true}
      allowFontScaling={true}
      ellipsizeMode="tail"
      style={
        Object {
          "color": "#DC0018",
          "fontFamily": "roboto_medium",
          "fontSize": 22,
          "marginBottom": 58.85294117647059,
          "marginTop": 19.61764705882353,
        }
      }
    >
      PLUSICONTEXT
    </Text>
  </View>
</View>
`;
