// Jest Snapshot v1, https://goo.gl/fbAQLP

exports[`MainContentContainer renders according to snapshot 1`] = `
<View
  style={
    Object {
      "alignItems": "center",
      "flex": 1,
      "flexDirection": "column",
      "height": "100%",
      "marginHorizontal": 16,
    }
  }
/>
`;

exports[`MainContentContainer renders children according to snapshot 1`] = `
ShallowWrapper {
  "length": 1,
  Symbol(enzyme.__root__): [Circular],
  Symbol(enzyme.__unrendered__): <View
    style={
      Object {
        "alignItems": "center",
        "flex": 1,
        "flexDirection": "column",
        "height": "100%",
        "marginHorizontal": 16,
      }
    }
  >
    <Text
      accessible={true}
      allowFontScaling={true}
      ellipsizeMode="tail"
    >
      Mock children
    </Text>
  </View>,
  Symbol(enzyme.__renderer__): Object {
    "batchedUpdates": [Function],
    "getNode": [Function],
    "render": [Function],
    "simulateEvent": [Function],
    "unmount": [Function],
  },
  Symbol(enzyme.__node__): Object {
    "instance": null,
    "key": undefined,
    "nodeType": "host",
    "props": Object {
      "children": <Text
        accessible={true}
        allowFontScaling={true}
        ellipsizeMode="tail"
      >
        Mock children
      </Text>,
      "style": Object {
        "alignItems": "center",
        "flex": 1,
        "flexDirection": "column",
        "height": "100%",
        "marginHorizontal": 16,
      },
    },
    "ref": null,
    "rendered": Object {
      "instance": null,
      "key": undefined,
      "nodeType": "class",
      "props": Object {
        "accessible": true,
        "allowFontScaling": true,
        "children": "Mock children",
        "ellipsizeMode": "tail",
      },
      "ref": null,
      "rendered": "Mock children",
      "type": [Function],
    },
    "type": "View",
  },
  Symbol(enzyme.__nodes__): Array [
    Object {
      "instance": null,
      "key": undefined,
      "nodeType": "host",
      "props": Object {
        "children": <Text
          accessible={true}
          allowFontScaling={true}
          ellipsizeMode="tail"
        >
          Mock children
        </Text>,
        "style": Object {
          "alignItems": "center",
          "flex": 1,
          "flexDirection": "column",
          "height": "100%",
          "marginHorizontal": 16,
        },
      },
      "ref": null,
      "rendered": Object {
        "instance": null,
        "key": undefined,
        "nodeType": "class",
        "props": Object {
          "accessible": true,
          "allowFontScaling": true,
          "children": "Mock children",
          "ellipsizeMode": "tail",
        },
        "ref": null,
        "rendered": "Mock children",
        "type": [Function],
      },
      "type": "View",
    },
  ],
  Symbol(enzyme.__options__): Object {
    "adapter": ReactSixteenAdapter {
      "options": Object {
        "enableComponentDidUpdateOnSetState": true,
      },
    },
  },
}
`;
