// Jest Snapshot v1, https://goo.gl/fbAQLP

exports[`OverviewInfo OverviewInfo renders correctly with children 1`] = `
<View
  style={
    Object {
      "alignItems": "flex-start",
      "flex": 1,
      "flexDirection": "column",
      "paddingRight": 5,
    }
  }
>
  <View
    style={Object {}}
  >
    <Text
      accessible={true}
      allowFontScaling={true}
      ellipsizeMode="tail"
      style={
        Object {
          "color": "#24253D",
          "fontFamily": "roboto_medium",
          "fontSize": 22,
        }
      }
    >
      test title
    </Text>
  </View>
  <Text
    accessible={true}
    allowFontScaling={true}
    ellipsizeMode="tail"
    style={
      Object {
        "color": "#898989",
        "fontFamily": "roboto_regular",
        "fontSize": 18.857142857142858,
      }
    }
  >
    test subtitle
  </Text>
  <Text
    accessible={true}
    allowFontScaling={true}
    ellipsizeMode="tail"
  >
    Children
  </Text>
</View>
`;
